Category: 📺央视频道, Name: CCTV-1, Total: 4, Valid: 4, Valid Percent: 100.00%, Whitelist: 0, IPv4: 4, IPv6: 0, Min Delay: 5351 ms, Max Speed: 2.92 M/s, Avg Speed: 1.46 M/s, Max Resolution: 1920x1080
Category: 📺央视频道, Name: CCTV-2, Total: 13, Valid: 13, Valid Percent: 100.00%, Whitelist: 0, IPv4: 13, IPv6: 0, Min Delay: 319 ms, Max Speed: 3.81 M/s, Avg Speed: 2.30 M/s, Max Resolution: 1920x1080
Category: 📺央视频道, Name: CCTV-3, Total: 11, Valid: 11, Valid Percent: 100.00%, Whitelist: 0, IPv4: 11, IPv6: 0, Min Delay: 73 ms, Max Speed: 77.00 M/s, Avg Speed: 29.60 M/s, Max Resolution: 1920x1080
Category: 📺央视频道, Name: CCTV-4, Total: 16, Valid: 16, Valid Percent: 100.00%, Whitelist: 0, IPv4: 14, IPv6: 2, Min Delay: 73 ms, Max Speed: 77.00 M/s, Avg Speed: 25.50 M/s, Max Resolution: 1920x1080
Category: 📺央视频道, Name: CCTV-5, Total: 24, Valid: 24, Valid Percent: 100.00%, Whitelist: 0, IPv4: 24, IPv6: 0, Min Delay: 73 ms, Max Speed: 77.00 M/s, Avg Speed: 18.11 M/s, Max Resolution: 1920x1080
Category: 📺央视频道, Name: CCTV-5+, Total: 6, Valid: 6, Valid Percent: 100.00%, Whitelist: 0, IPv4: 6, IPv6: 0, Min Delay: 355 ms, Max Speed: 6.16 M/s, Avg Speed: 2.98 M/s, Max Resolution: 1920x1080
Category: 📺央视频道, Name: CCTV-6, Total: 28, Valid: 28, Valid Percent: 100.00%, Whitelist: 0, IPv4: 26, IPv6: 2, Min Delay: 73 ms, Max Speed: 77.00 M/s, Avg Speed: 20.77 M/s, Max Resolution: 1920x1080
Category: 📺央视频道, Name: CCTV-7, Total: 22, Valid: 22, Valid Percent: 100.00%, Whitelist: 0, IPv4: 22, IPv6: 0, Min Delay: 73 ms, Max Speed: 77.00 M/s, Avg Speed: 25.98 M/s, Max Resolution: 1920x1080
Category: 📺央视频道, Name: CCTV-8, Total: 25, Valid: 25, Valid Percent: 100.00%, Whitelist: 0, IPv4: 25, IPv6: 0, Min Delay: 73 ms, Max Speed: 77.00 M/s, Avg Speed: 20.24 M/s, Max Resolution: 1920x1080
Category: 📺央视频道, Name: CCTV-9, Total: 25, Valid: 25, Valid Percent: 100.00%, Whitelist: 0, IPv4: 25, IPv6: 0, Min Delay: 73 ms, Max Speed: 77.00 M/s, Avg Speed: 23.38 M/s, Max Resolution: 1920x1080
Category: 📺央视频道, Name: CCTV-10, Total: 31, Valid: 31, Valid Percent: 100.00%, Whitelist: 0, IPv4: 31, IPv6: 0, Min Delay: 73 ms, Max Speed: 77.00 M/s, Avg Speed: 18.78 M/s, Max Resolution: 1920x1080
Category: 📺央视频道, Name: CCTV-11, Total: 25, Valid: 25, Valid Percent: 100.00%, Whitelist: 0, IPv4: 25, IPv6: 0, Min Delay: 73 ms, Max Speed: 77.00 M/s, Avg Speed: 20.16 M/s, Max Resolution: 1920x1080
Category: 📺央视频道, Name: CCTV-12, Total: 23, Valid: 23, Valid Percent: 100.00%, Whitelist: 0, IPv4: 23, IPv6: 0, Min Delay: 73 ms, Max Speed: 77.00 M/s, Avg Speed: 25.24 M/s, Max Resolution: 1920x1080
Category: 📺央视频道, Name: CCTV-13, Total: 20, Valid: 20, Valid Percent: 100.00%, Whitelist: 0, IPv4: 20, IPv6: 0, Min Delay: 73 ms, Max Speed: 77.00 M/s, Avg Speed: 28.56 M/s, Max Resolution: 1920x1080
Category: 📺央视频道, Name: CCTV-14, Total: 33, Valid: 33, Valid Percent: 100.00%, Whitelist: 0, IPv4: 30, IPv6: 3, Min Delay: 73 ms, Max Speed: 77.00 M/s, Avg Speed: 17.93 M/s, Max Resolution: 1920x1080
Category: 📺央视频道, Name: CCTV-15, Total: 30, Valid: 30, Valid Percent: 100.00%, Whitelist: 0, IPv4: 30, IPv6: 0, Min Delay: 73 ms, Max Speed: 77.00 M/s, Avg Speed: 19.56 M/s, Max Resolution: 1920x1080
Category: 📺央视频道, Name: CCTV-16, Total: 18, Valid: 18, Valid Percent: 100.00%, Whitelist: 0, IPv4: 18, IPv6: 0, Min Delay: 73 ms, Max Speed: 77.00 M/s, Avg Speed: 19.52 M/s, Max Resolution: 1920x1080
Category: 📺央视频道, Name: CCTV-17, Total: 21, Valid: 21, Valid Percent: 100.00%, Whitelist: 0, IPv4: 21, IPv6: 0, Min Delay: 73 ms, Max Speed: 77.00 M/s, Avg Speed: 27.71 M/s, Max Resolution: 1920x1080
Category: 📡卫视频道, Name: 广东卫视, Total: 16, Valid: 16, Valid Percent: 100.00%, Whitelist: 0, IPv4: 16, IPv6: 0, Min Delay: 73 ms, Max Speed: 77.00 M/s, Avg Speed: 30.45 M/s, Max Resolution: 1920x1080
Category: 📡卫视频道, Name: 浙江卫视, Total: 15, Valid: 15, Valid Percent: 100.00%, Whitelist: 0, IPv4: 15, IPv6: 0, Min Delay: 73 ms, Max Speed: 77.00 M/s, Avg Speed: 32.81 M/s, Max Resolution: 1920x1080
Category: 📡卫视频道, Name: 湖南卫视, Total: 28, Valid: 28, Valid Percent: 100.00%, Whitelist: 0, IPv4: 28, IPv6: 0, Min Delay: 19 ms, Max Speed: 77.00 M/s, Avg Speed: 22.84 M/s, Max Resolution: 3840x2160
Category: 📡卫视频道, Name: 北京卫视, Total: 19, Valid: 19, Valid Percent: 100.00%, Whitelist: 0, IPv4: 19, IPv6: 0, Min Delay: 19 ms, Max Speed: 77.00 M/s, Avg Speed: 26.28 M/s, Max Resolution: 1920x1080
Category: 📡卫视频道, Name: 湖北卫视, Total: 18, Valid: 18, Valid Percent: 100.00%, Whitelist: 0, IPv4: 18, IPv6: 0, Min Delay: 19 ms, Max Speed: 77.00 M/s, Avg Speed: 31.83 M/s, Max Resolution: 1920x1080
Category: 📡卫视频道, Name: 黑龙江卫视, Total: 19, Valid: 19, Valid Percent: 100.00%, Whitelist: 0, IPv4: 19, IPv6: 0, Min Delay: 19 ms, Max Speed: 77.00 M/s, Avg Speed: 30.13 M/s, Max Resolution: 1920x1080
Category: 📡卫视频道, Name: 安徽卫视, Total: 21, Valid: 21, Valid Percent: 100.00%, Whitelist: 0, IPv4: 21, IPv6: 0, Min Delay: 73 ms, Max Speed: 77.00 M/s, Avg Speed: 27.33 M/s, Max Resolution: 1920x1080
Category: 📡卫视频道, Name: 重庆卫视, Total: 20, Valid: 20, Valid Percent: 100.00%, Whitelist: 0, IPv4: 20, IPv6: 0, Min Delay: 19 ms, Max Speed: 77.00 M/s, Avg Speed: 32.55 M/s, Max Resolution: 1920x1080
Category: 📡卫视频道, Name: 东方卫视, Total: 25, Valid: 25, Valid Percent: 100.00%, Whitelist: 0, IPv4: 25, IPv6: 0, Min Delay: 73 ms, Max Speed: 77.00 M/s, Avg Speed: 26.18 M/s, Max Resolution: 1920x1080
Category: 📡卫视频道, Name: 东南卫视, Total: 24, Valid: 24, Valid Percent: 100.00%, Whitelist: 0, IPv4: 24, IPv6: 0, Min Delay: 73 ms, Max Speed: 77.00 M/s, Avg Speed: 29.88 M/s, Max Resolution: 1920x1080
Category: 📡卫视频道, Name: 甘肃卫视, Total: 11, Valid: 11, Valid Percent: 100.00%, Whitelist: 0, IPv4: 11, IPv6: 0, Min Delay: 73 ms, Max Speed: 77.00 M/s, Avg Speed: 50.25 M/s, Max Resolution: 1920x1080
Category: 📡卫视频道, Name: 广西卫视, Total: 21, Valid: 20, Valid Percent: 95.24%, Whitelist: 0, IPv4: 19, IPv6: 2, Min Delay: 73 ms, Max Speed: 77.00 M/s, Avg Speed: 35.96 M/s, Max Resolution: 1920x1080
Category: 📡卫视频道, Name: 贵州卫视, Total: 25, Valid: 25, Valid Percent: 100.00%, Whitelist: 0, IPv4: 25, IPv6: 0, Min Delay: 73 ms, Max Speed: 77.00 M/s, Avg Speed: 31.95 M/s, Max Resolution: 1920x1080
Category: 📡卫视频道, Name: 海南卫视, Total: 16, Valid: 16, Valid Percent: 100.00%, Whitelist: 0, IPv4: 16, IPv6: 0, Min Delay: 19 ms, Max Speed: 77.00 M/s, Avg Speed: 34.59 M/s, Max Resolution: 1920x1080
Category: 📡卫视频道, Name: 河北卫视, Total: 23, Valid: 23, Valid Percent: 100.00%, Whitelist: 0, IPv4: 23, IPv6: 0, Min Delay: 19 ms, Max Speed: 77.00 M/s, Avg Speed: 31.70 M/s, Max Resolution: 1920x1080
Category: 📡卫视频道, Name: 河南卫视, Total: 25, Valid: 25, Valid Percent: 100.00%, Whitelist: 0, IPv4: 25, IPv6: 0, Min Delay: 73 ms, Max Speed: 77.00 M/s, Avg Speed: 32.20 M/s, Max Resolution: 1920x1080
Category: 📡卫视频道, Name: 吉林卫视, Total: 19, Valid: 19, Valid Percent: 100.00%, Whitelist: 0, IPv4: 19, IPv6: 0, Min Delay: 73 ms, Max Speed: 77.00 M/s, Avg Speed: 25.81 M/s, Max Resolution: 1920x1080
Category: 📡卫视频道, Name: 江苏卫视, Total: 28, Valid: 28, Valid Percent: 100.00%, Whitelist: 0, IPv4: 28, IPv6: 0, Min Delay: 73 ms, Max Speed: 77.00 M/s, Avg Speed: 20.64 M/s, Max Resolution: 1920x1080
Category: 📡卫视频道, Name: 江西卫视, Total: 21, Valid: 21, Valid Percent: 100.00%, Whitelist: 0, IPv4: 21, IPv6: 0, Min Delay: 19 ms, Max Speed: 77.00 M/s, Avg Speed: 27.26 M/s, Max Resolution: 1920x1080
Category: 📡卫视频道, Name: 辽宁卫视, Total: 24, Valid: 24, Valid Percent: 100.00%, Whitelist: 0, IPv4: 24, IPv6: 0, Min Delay: 73 ms, Max Speed: 77.00 M/s, Avg Speed: 26.94 M/s, Max Resolution: 1920x1080
Category: 📡卫视频道, Name: 内蒙古卫视, Total: 17, Valid: 17, Valid Percent: 100.00%, Whitelist: 0, IPv4: 15, IPv6: 2, Min Delay: 19 ms, Max Speed: 77.00 M/s, Avg Speed: 24.52 M/s, Max Resolution: 1920x1080
Category: 📡卫视频道, Name: 宁夏卫视, Total: 14, Valid: 14, Valid Percent: 100.00%, Whitelist: 0, IPv4: 14, IPv6: 0, Min Delay: 73 ms, Max Speed: 77.00 M/s, Avg Speed: 34.84 M/s, Max Resolution: 1920x1080
Category: 📡卫视频道, Name: 青海卫视, Total: 23, Valid: 23, Valid Percent: 100.00%, Whitelist: 0, IPv4: 21, IPv6: 2, Min Delay: 19 ms, Max Speed: 77.00 M/s, Avg Speed: 28.25 M/s, Max Resolution: 1920x1080
Category: 📡卫视频道, Name: 山东卫视, Total: 22, Valid: 22, Valid Percent: 100.00%, Whitelist: 0, IPv4: 22, IPv6: 0, Min Delay: 73 ms, Max Speed: 77.00 M/s, Avg Speed: 25.99 M/s, Max Resolution: 1920x1080
Category: 📡卫视频道, Name: 山西卫视, Total: 12, Valid: 12, Valid Percent: 100.00%, Whitelist: 0, IPv4: 12, IPv6: 0, Min Delay: 19 ms, Max Speed: 77.00 M/s, Avg Speed: 34.46 M/s, Max Resolution: 1920x1080
Category: 📡卫视频道, Name: 陕西卫视, Total: 12, Valid: 12, Valid Percent: 100.00%, Whitelist: 0, IPv4: 12, IPv6: 0, Min Delay: 19 ms, Max Speed: 77.00 M/s, Avg Speed: 22.06 M/s, Max Resolution: 1920x1080
Category: 📡卫视频道, Name: 四川卫视, Total: 29, Valid: 27, Valid Percent: 93.10%, Whitelist: 0, IPv4: 29, IPv6: 0, Min Delay: 19 ms, Max Speed: 77.00 M/s, Avg Speed: 29.77 M/s, Max Resolution: 1920x1080
Category: 📡卫视频道, Name: 深圳卫视, Total: 26, Valid: 26, Valid Percent: 100.00%, Whitelist: 0, IPv4: 26, IPv6: 0, Min Delay: 73 ms, Max Speed: 77.00 M/s, Avg Speed: 22.11 M/s, Max Resolution: 1920x1080
Category: 📡卫视频道, Name: 三沙卫视, Total: 11, Valid: 11, Valid Percent: 100.00%, Whitelist: 0, IPv4: 11, IPv6: 0, Min Delay: 73 ms, Max Speed: 77.00 M/s, Avg Speed: 43.56 M/s, Max Resolution: 1920x1080
Category: 📡卫视频道, Name: 天津卫视, Total: 25, Valid: 24, Valid Percent: 96.00%, Whitelist: 0, IPv4: 25, IPv6: 0, Min Delay: 73 ms, Max Speed: 77.00 M/s, Avg Speed: 20.46 M/s, Max Resolution: 1920x1080
Category: 📡卫视频道, Name: 西藏卫视, Total: 14, Valid: 13, Valid Percent: 92.86%, Whitelist: 0, IPv4: 14, IPv6: 0, Min Delay: 19 ms, Max Speed: 77.00 M/s, Avg Speed: 31.54 M/s, Max Resolution: 1920x1080
Category: 📡卫视频道, Name: 新疆卫视, Total: 18, Valid: 17, Valid Percent: 94.44%, Whitelist: 0, IPv4: 18, IPv6: 0, Min Delay: 19 ms, Max Speed: 77.00 M/s, Avg Speed: 24.55 M/s, Max Resolution: 1920x1080
Category: 📡卫视频道, Name: 云南卫视, Total: 26, Valid: 25, Valid Percent: 96.15%, Whitelist: 0, IPv4: 26, IPv6: 0, Min Delay: 73 ms, Max Speed: 77.00 M/s, Avg Speed: 28.84 M/s, Max Resolution: 1920x1080
